
Running 1 test using 1 worker

[1A[2K[1/1] [chromium] ΓÇ║ tests\e2e\sticker-book.spec.js:28:5 ΓÇ║ Sticker Book Feature ΓÇ║ should navigate to Sticker Book and view stickers
[1A[2K[chromium] ΓÇ║ tests\e2e\sticker-book.spec.js:28:5 ΓÇ║ Sticker Book Feature ΓÇ║ should navigate to Sticker Book and view stickers
BROWSER: [vite] connecting...

[1A[2KBROWSER: [vite] connected.

[1A[2KBROWSER: %cDownload the React DevTools for a better development experience: https://reactjs.org/link/react-devtools font-weight:bold

[1A[2KBROWSER: Achievements loaded: ["first_win"]

[1A[2KBROWSER: Achievements loaded: ["first_win"]

[1A[2K  1) [chromium] ΓÇ║ tests\e2e\sticker-book.spec.js:28:5 ΓÇ║ Sticker Book Feature ΓÇ║ should navigate to Sticker Book and view stickers 

    Error: [2mexpect([22m[31mlocator[39m[2m).[22mtoBeVisible[2m([22m[2m)[22m failed

    Locator: getByRole('heading', { name: /Vocab Hub/i })
    Expected: visible
    Timeout: 5000ms
    Error: element(s) not found

    Call log:
    [2m  - Expect "toBeVisible" with timeout 5000ms[22m
    [2m  - waiting for getByRole('heading', { name: /Vocab Hub/i })[22m


      23 |
      24 |         // Verify Learn Hub loaded
    > 25 |         await expect(page.getByRole('heading', { name: /Vocab Hub/i })).toBeVisible();
         |                                                                         ^
      26 |     });
      27 |
      28 |     test('should navigate to Sticker Book and view stickers', async ({ page }) => {
        at C:\Users\njyti\Desktop\Google-Antigravity\english-vocab\tests\e2e\sticker-book.spec.js:25:73

    attachment #1: screenshot (image/png) ΓöÇΓöÇΓöÇΓöÇΓöÇΓöÇΓöÇΓöÇΓöÇΓöÇΓöÇΓöÇΓöÇΓöÇΓöÇΓöÇΓöÇΓöÇΓöÇΓöÇΓöÇΓöÇΓöÇΓöÇΓöÇΓöÇΓöÇΓöÇΓöÇΓöÇΓöÇΓöÇΓöÇΓöÇΓöÇΓöÇΓöÇΓöÇΓöÇΓöÇΓöÇΓöÇΓöÇΓöÇΓöÇΓöÇΓöÇΓöÇΓöÇΓöÇΓöÇΓöÇΓöÇΓöÇΓöÇΓöÇΓöÇΓöÇ
    test-results\sticker-book-Sticker-Book--cd110-cker-Book-and-view-stickers-chromium\test-failed-1.png
    ΓöÇΓöÇΓöÇΓöÇΓöÇΓöÇΓöÇΓöÇΓöÇΓöÇΓöÇΓöÇΓöÇΓöÇΓöÇΓöÇΓöÇΓöÇΓöÇΓöÇΓöÇΓöÇΓöÇΓöÇΓöÇΓöÇΓöÇΓöÇΓöÇΓöÇΓöÇΓöÇΓöÇΓöÇΓöÇΓöÇΓöÇΓöÇΓöÇΓöÇΓöÇΓöÇΓöÇΓöÇΓöÇΓöÇΓöÇΓöÇΓöÇΓöÇΓöÇΓöÇΓöÇΓöÇΓöÇΓöÇΓöÇΓöÇΓöÇΓöÇΓöÇΓöÇΓöÇΓöÇΓöÇΓöÇΓöÇΓöÇΓöÇΓöÇΓöÇΓöÇΓöÇΓöÇΓöÇΓöÇΓöÇΓöÇΓöÇΓöÇΓöÇΓöÇΓöÇΓöÇΓöÇΓöÇΓöÇΓöÇΓöÇΓöÇΓöÇΓöÇΓöÇΓöÇΓöÇΓöÇ

    Error Context: test-results\sticker-book-Sticker-Book--cd110-cker-Book-and-view-stickers-chromium\error-context.md


[1A[2K  1 failed
    [chromium] ΓÇ║ tests\e2e\sticker-book.spec.js:28:5 ΓÇ║ Sticker Book Feature ΓÇ║ should navigate to Sticker Book and view stickers 

[36m  Serving HTML report at http://localhost:53110. Press Ctrl+C to quit.[39m
